// Jest Snapshot v1, https://goo.gl/fbAQLP

exports[`AddComment AddComment renders correctly 1`] = `
<div
  className="add-comment"
>
  <div
    circular={true}
    className="user-image"
    src="http://via.placeholder.com/48x48"
  />
  <Form
    as="form"
  >
    <FormTextArea
      as={[Function]}
      autoHeight={true}
      control={[Function]}
      placeholder="Add a public comment"
    />
  </Form>
</div>
`;
